Microchip MPLAB XC8 Compiler V2.31

Linker command line:

-W-3 --edf=D:\pic\dat\en_msgs.txt -cn \
  -h+dist/default/production\pic18f26k40_bootloader.X.production.sym \
  --cmf=dist/default/production\pic18f26k40_bootloader.X.production.cmf -z \
  -Q18F26K40 -oC:\Users\HAESH_~1\AppData\Local\Temp\s52s.3 \
  --defsym=__MPLAB_BUILD=1 \
  -Mdist/default/production/pic18f26k40_bootloader.X.production.map -E1 \
  -ver=XC8 Compiler --acfsm=1493 -ASTACK=018Eh-0E87h -pstack=STACK \
  -ACODE=00h-03FFFh -ACONST=00h-03FFFh -ASMALLCONST=0F00h-0FFFhx49 \
  -AMEDIUMCONST=0F00h-03FFFh -ACOMRAM=01h-05Fh -AABS1=00h-0E87h \
  -ABIGRAM=01h-0E87h -ARAM=060h-0FFh,0100h-01FFhx13,0E00h-0E87h \
  -ABANK0=060h-0FFh -ABANK1=0100h-01FFh -ABANK2=0200h-02FFh \
  -ABANK3=0300h-03FFh -ABANK4=0400h-04FFh -ABANK5=0500h-05FFh \
  -ABANK6=0600h-06FFh -ABANK7=0700h-07FFh -ABANK8=0800h-08FFh \
  -ABANK9=0900h-09FFh -ABANK10=0A00h-0AFFh -ABANK11=0B00h-0BFFh \
  -ABANK12=0C00h-0CFFh -ABANK13=0D00h-0DFFh -ABANK14=0E00h-0E87h \
  -ASFR=0E8Dh-0EFFh,0F00h-0F5Fh,0F60h-0FFFh -ACONFIG=0300000h-030000Bh \
  -AIDLOC=0200000h-020000Fh -AEEDATA=0310000h-03103FFh -peeprom_data=EEDATA \
  -preset_vec=00h,intcode=08h,intcodelo=018h,powerup,init -pramtop=0F00h \
  -psmallconst=SMALLCONST -pmediumconst=MEDIUMCONST -pconst=CONST \
  -AFARRAM=00h-00h \
  -prdata=COMRAM,nvrram=COMRAM,nvbit=COMRAM,rbss=COMRAM,rbit=COMRAM \
  -pfarbss=FARRAM,fardata=FARRAM,nvFARRAM=FARRAM \
  -pintsave_regs=BIGRAM,bigbss=BIGRAM,bigdata=BIGRAM -pbss=RAM \
  -pidata=CODE,irdata=CODE,ibigdata=CODE,ifardata=CODE -prparam=COMRAM \
  C:\Users\HAESH_~1\AppData\Local\Temp\s52s.o \
  dist/default/production\pic18f26k40_bootloader.X.production.o 

Object code version is 3.11

Machine type is 18F26K40



                Name                               Link     Load   Length Selector   Space Scale
C:\Users\HAESH_~1\AppData\Local\Temp\s52s.o
                idloc                            200000   200000       10        0       5
                config                           300000   300000        C        0       4
                init                                 1C       1C        4        C       0
                reset_vec                             0        0        4        0       0
dist/default/production\pic18f26k40_bootloader.X.production.o
                intcodelo                            18       18        4        C       0
                intcode                               8        8        4        4       0
                idloc                            200000   200000       10        0       5
                config                           300000   300000        C        0       4
                mediumconst                        3E74     3E74      18C     1F3A       0
                text34                             1238     1238       4A        C       0
                text33                             13F8     13F8       38        C       0
                text32                             134C     134C       3C        C       0
                text31                             13C0     13C0       38        C       0
                text30                             150A     150A       18        C       0
                text29                             1552     1552        A        C       0
                text28                              F4E      F4E       96        C       0
                text27                             12C8     12C8       44        C       0
                text26                             1430     1430       36        C       0
                text25                              DD0      DD0       C6        C       0
                text24                             1388     1388       38        C       0
                text23                             1134     1134       5E        C       0
                text22                              336      336      2D8        C       0
                text21                              7EC      7EC      1D0        C       0
                text20                             10D2     10D2       62        C       0
                text19                             1492     1492       28        C       0
                text18                              E96      E96       B8        C       0
                text17                             1466     1466       2C        C       0
                text16                              9BC      9BC      184        C       0
                text15                              60E      60E      1DE        C       0
                text14                             106C     106C       66        C       0
                text13                              D00      D00       D0        C       0
                text12                              FE4      FE4       88        C       0
                text11                               20       20      316        C       0
                text10                              C22      C22       DE        C       0
                text9                              14D6     14D6       1C        C       0
                text8                              1548     1548        A        C       0
                text7                              153E     153E        A        C       0
                text6                              1534     1534        A        C       0
                text5                              130C     130C       40        C       0
                text4                              14F2     14F2       18        C       0
                text3                              1192     1192       5A        C       0
                text2                              14BA     14BA       1C        C       0
                text1                              1522     1522       12        C       0
                text0                               B40      B40       E2        C       0
                cstackCOMRAM                          1        1       5F        1       1
                cstackBANK0                          DB       DB       22       60       1
                bssBANK1                            100      100       8A      100       1
                dataBANK0                            60       60       4C       60       1
                bssBANK0                             AC       AC       2F       60       1
                cinit                              1282     1282       46        C       0
                nvBANK1                             18A      18A        4      100       1
                nvBANK0                              FD       FD        2       60       1
                idataBANK0                         11EC     11EC       4C        C       0

TOTAL           Name                               Link     Load   Length     Space
        CLASS   STACK          

        CLASS   CODE           
                intcodelo                            18       18        4         0
                intcode                               8        8        4         0
                init                                 1C       1C        4         0
                reset_vec                             0        0        4         0
                text34                             1238     1238       4A         0
                text33                             13F8     13F8       38         0
                text32                             134C     134C       3C         0
                text31                             13C0     13C0       38         0
                text30                             150A     150A       18         0
                text29                             1552     1552        A         0
                text28                              F4E      F4E       96         0
                text27                             12C8     12C8       44         0
                text26                             1430     1430       36         0
                text25                              DD0      DD0       C6         0
                text24                             1388     1388       38         0
                text23                             1134     1134       5E         0
                text22                              336      336      2D8         0
                text21                              7EC      7EC      1D0         0
                text20                             10D2     10D2       62         0
                text19                             1492     1492       28         0
                text18                              E96      E96       B8         0
                text17                             1466     1466       2C         0
                text16                              9BC      9BC      184         0
                text15                              60E      60E      1DE         0
                text14                             106C     106C       66         0
                text13                              D00      D00       D0         0
                text12                              FE4      FE4       88         0
                text11                               20       20      316         0
                text10                              C22      C22       DE         0
                text9                              14D6     14D6       1C         0
                text8                              1548     1548        A         0
                text7                              153E     153E        A         0
                text6                              1534     1534        A         0
                text5                              130C     130C       40         0
                text4                              14F2     14F2       18         0
                text3                              1192     1192       5A         0
                text2                              14BA     14BA       1C         0
                text1                              1522     1522       12         0
                text0                               B40      B40       E2         0
                cinit                              1282     1282       46         0
                idataBANK0                         11EC     11EC       4C         0

        CLASS   CONST          

        CLASS   SMALLCONST     

        CLASS   MEDIUMCONST    
                mediumconst                        3E74     3E74      18C         0

        CLASS   COMRAM         
                cstackCOMRAM                          1        1       5F         1

        CLASS   ABS1           

        CLASS   BIGRAM         

        CLASS   RAM            

        CLASS   BANK0          
                cstackBANK0                          DB       DB       22         1
                dataBANK0                            60       60       4C         1
                bssBANK0                             AC       AC       2F         1
                nvBANK0                              FD       FD        2         1

        CLASS   BANK1          
                bssBANK1                            100      100       8A         1
                nvBANK1                             18A      18A        4         1

        CLASS   BANK2          

        CLASS   BANK3          

        CLASS   BANK4          

        CLASS   BANK5          

        CLASS   BANK6          

        CLASS   BANK7          

        CLASS   BANK8          

        CLASS   BANK9          

        CLASS   BANK10         

        CLASS   BANK11         

        CLASS   BANK12         

        CLASS   BANK13         

        CLASS   BANK14         

        CLASS   SFR            

        CLASS   CONFIG         
                config                           300000   300000        C         4

        CLASS   IDLOC          
                idloc                            200000   200000       10         5

        CLASS   EEDATA         

        CLASS   FARRAM         



SEGMENTS        Name                           Load    Length   Top    Selector   Space  Class

                reset_vec                      000000  000004  000004         0       0  CODE    
                cstackCOMRAM                   000001  00005F  000060         1       1  COMRAM  
                intcode                        000008  000004  00000C         4       0  CODE    
                intcodelo                      000018  001544  00155C         C       0  CODE    
                dataBANK0                      000060  00009F  0000FF        60       1  BANK0   
                bssBANK1                       000100  00008E  00018E       100       1  BANK1   
                mediumconst                    003E74  00018C  004000      1F3A       0  MEDIUMCO


UNUSED ADDRESS RANGES

        Name                Unused          Largest block    Delta
        BANK0            0000FF-0000FF                1
        BANK1            00018E-0001FF               72
        BANK10           000A00-000AFF              100
        BANK11           000B00-000BFF              100
        BANK12           000C00-000CFF              100
        BANK13           000D00-000DFF              100
        BANK14           000E00-000E87               88
        BANK2            000200-0002FF              100
        BANK3            000300-0003FF              100
        BANK4            000400-0004FF              100
        BANK5            000500-0005FF              100
        BANK6            000600-0006FF              100
        BANK7            000700-0007FF              100
        BANK8            000800-0008FF              100
        BANK9            000900-0009FF              100
        BIGRAM           0000FF-0000FF                1
                         00018E-000E87              CFA
        CODE             000004-000007                4
                         00000C-000017                C
                         00155C-003E73             2918
        CONST            000004-000007                4
                         00000C-000017                C
                         00155C-003E73             2918
        EEDATA           310000-3103FF              400
        MEDIUMCONST      00155C-003E73             2918
        RAM              0000FF-0000FF                1
                         00018E-000E87              100
        SFR              000E8D-000FFF               73
        SMALLCONST       00155C-003E73              100
        STACK            00018E-000E87              CFA

                                  Symbol Table

?_FLASH_crc16                                   cstackCOMRAM 000001
?_isalpha                                       cstackCOMRAM 000001
?_islower                                       cstackCOMRAM 000001
?_isupper                                       cstackCOMRAM 000001
?_pad                                           cstackCOMRAM 000013
?_printf                                        cstackBANK0  0000DB
?_strlen                                        cstackCOMRAM 000001
?_toupper                                       cstackCOMRAM 000007
?_vfpfcnvrt                                     cstackCOMRAM 000045
?_vfprintf                                      cstackCOMRAM 000058
?_xtoa                                          cstackCOMRAM 00001E
BOOT_EraseUserFlash@address                     cstackBANK0  0000E3
BOOT_GetHeader@i                                cstackCOMRAM 000007
BOOT_Read@i                                     cstackBANK0  0000E7
BOOT_Read@max_address                           cstackBANK0  0000E9
BOOT_Read@max_length                            cstackBANK0  0000EF
BOOT_Read@min_address                           cstackBANK0  0000EC
BOOT_Write@i                                    cstackBANK0  0000F7
BOOT_Write@max_address                          cstackBANK0  0000E7
BOOT_Write@max_length                           cstackBANK0  0000EF
BOOT_Write@min_address                          cstackBANK0  0000EB
DATAEE_ReadByte@bAdd                            cstackCOMRAM 000001
DATAEE_WriteByte@GIEBitValue                    cstackCOMRAM 000004
DATAEE_WriteByte@bAdd                           cstackCOMRAM 000001
DATAEE_WriteByte@bData                          cstackCOMRAM 000003
EUSART1_SetErrorHandler@interruptHandler        cstackCOMRAM 000001
EUSART1_SetFramingErrorHandler@interruptHandler cstackCOMRAM 000001
EUSART1_SetOverrunErrorHandler@interruptHandler cstackCOMRAM 000001
EUSART1_Write@txData                            cstackCOMRAM 000001
FLASH_EraseBlock@GIEBitValue                    cstackCOMRAM 000005
FLASH_EraseBlock@baseAddr                       cstackCOMRAM 000001
FLASH_WriteBlock@GIEBitValue                    cstackCOMRAM 000010
FLASH_WriteBlock@blockStartAddr                 cstackCOMRAM 00000C
FLASH_WriteBlock@flashWrBufPtr                  cstackCOMRAM 00000A
FLASH_WriteBlock@i                              cstackCOMRAM 000011
FLASH_WriteBlock@writeAddr                      cstackCOMRAM 000006
FLASH_crc16@crc                                 cstackCOMRAM 00000A
FLASH_crc16@data_p                              cstackCOMRAM 000001
FLASH_crc16@length                              cstackCOMRAM 000003
FLASH_crc16@x                                   cstackCOMRAM 00000C
_ANSELA                                         (abs)        000F11
_ANSELB                                         (abs)        000F19
_ANSELC                                         (abs)        000F21
_BAUD1CON                                       (abs)        000F9F
_BOOT_EraseUserFlash                            text18       000E96
_BOOT_GetHeader                                 text16       0009BC
_BOOT_Load                                      text10       000C22
_BOOT_Read                                      text15       00060E
_BOOT_ReadVersion                               text14       00106C
_BOOT_Write                                     text11       000020
_DATAEE_ReadByte                                text9        0014D6
_DATAEE_WriteByte                               text34       001238
_EUSART1_DefaultErrorHandler                    (abs)        000000
_EUSART1_DefaultFramingErrorHandler             (abs)        000000
_EUSART1_DefaultOverrunErrorHandler             (abs)        000000
_EUSART1_ErrorHandler                           nvBANK1      00018A
_EUSART1_FramingErrorHandler                    nvBANK0      0000FD
_EUSART1_Initialize                             text5        00130C
_EUSART1_OverrunErrorHandler                    nvBANK1      00018C
_EUSART1_Read                                   text17       001466
_EUSART1_SetErrorHandler                        text8        001548
_EUSART1_SetFramingErrorHandler                 text7        00153E
_EUSART1_SetOverrunErrorHandler                 text6        001534
_EUSART1_Write                                  text30       00150A
_FLASH_EraseBlock                               text33       0013F8
_FLASH_WriteBlock                               text13       000D00
_FLASH_crc16                                    text12       000FE4
_Header                                         dataBANK0    000060
_INLVLA                                         (abs)        000F0D
_INLVLB                                         (abs)        000F15
_INLVLC                                         (abs)        000F1D
_INLVLE                                         (abs)        000F2A
_INTCONbits                                     (abs)        000FF2
_LATA                                           (abs)        000F83
_LATB                                           (abs)        000F84
_LATC                                           (abs)        000F85
_NVMADRH                                        (abs)        000F7F
_NVMADRL                                        (abs)        000F7E
_NVMCON1bits                                    (abs)        000F81
_NVMCON2                                        (abs)        000F82
_NVMDAT                                         (abs)        000F80
_ODCONA                                         (abs)        000F0F
_ODCONB                                         (abs)        000F17
_ODCONC                                         (abs)        000F1F
_OSCCON1                                        (abs)        000ED8
_OSCCON3                                        (abs)        000EDA
_OSCEN                                          (abs)        000EDC
_OSCFRQ                                         (abs)        000EDE
_OSCILLATOR_Initialize                          text4        0014F2
_OSCTUNE                                        (abs)        000EDD
_PIN_MANAGER_Initialize                         text3        001192
_PIR3bits                                       (abs)        000ECD
_PIR7bits                                       (abs)        000ED1
_PMD0                                           (abs)        000EE1
_PMD1                                           (abs)        000EE2
_PMD2                                           (abs)        000EE3
_PMD3                                           (abs)        000EE4
_PMD4                                           (abs)        000EE5
_PMD5                                           (abs)        000EE6
_PMD_Initialize                                 text2        0014BA
_PORTAbits                                      (abs)        000F8D
_RC1REG                                         (abs)        000F99
_RC1STA                                         (abs)        000F9D
_RC1STAbits                                     (abs)        000F9D
_RC6PPS                                         (abs)        000EFD
_RX1PPS                                         (abs)        000EB5
_SLRCONA                                        (abs)        000F0E
_SLRCONB                                        (abs)        000F16
_SLRCONC                                        (abs)        000F1E
_SP1BRGH                                        (abs)        000F9C
_SP1BRGL                                        (abs)        000F9B
_SYSTEM_Initialize                              text1        001522
_TABLAT                                         (abs)        000FF5
_TBLPTRH                                        (abs)        000FF7
_TBLPTRL                                        (abs)        000FF6
_TBLPTRU                                        (abs)        000FF8
_TRISA                                          (abs)        000F88
_TRISB                                          (abs)        000F89
_TRISC                                          (abs)        000F8A
_TX1REG                                         (abs)        000F9A
_TX1STA                                         (abs)        000F9E
_TX1STAbits                                     (abs)        000F9E
_WPUA                                           (abs)        000F10
_WPUB                                           (abs)        000F18
_WPUC                                           (abs)        000F20
_WPUE                                           (abs)        000F2D
__HRAM                                          (abs)        000000
__Habs1                                         abs1         000000
__Hbank0                                        bank0        000000
__Hbank1                                        bank1        000000
__Hbank10                                       bank10       000000
__Hbank11                                       bank11       000000
__Hbank12                                       bank12       000000
__Hbank13                                       bank13       000000
__Hbank14                                       bank14       000000
__Hbank2                                        bank2        000000
__Hbank3                                        bank3        000000
__Hbank4                                        bank4        000000
__Hbank5                                        bank5        000000
__Hbank6                                        bank6        000000
__Hbank7                                        bank7        000000
__Hbank8                                        bank8        000000
__Hbank9                                        bank9        000000
__Hbigbss                                       bigbss       000000
__Hbigdata                                      bigdata      000000
__Hbigram                                       bigram       000000
__Hbss                                          bss          000000
__HbssBANK0                                     bssBANK0     000000
__HbssBANK1                                     bssBANK1     000000
__Hcinit                                        cinit        000000
__Hclrtext                                      clrtext      000000
__Hcomram                                       comram       000000
__Hconfig                                       config       30000C
__Hconst                                        const        000000
__HcstackBANK0                                  cstackBANK0  000000
__HcstackCOMRAM                                 cstackCOMRAM 000000
__Hdata                                         data         000000
__HdataBANK0                                    dataBANK0    000000
__Heeprom_data                                  eeprom_data  000000
__Hfarbss                                       farbss       000000
__Hfardata                                      fardata      000000
__Hibigdata                                     ibigdata     000000
__Hidata                                        idata        000000
__HidataBANK0                                   idataBANK0   000000
__Hidloc                                        idloc        200010
__Hifardata                                     ifardata     000000
__Hinit                                         init         000020
__Hintcode                                      intcode      00000C
__Hintcode_body                                 intcode_body 000000
__Hintcodelo                                    intcodelo    00001C
__Hintentry                                     intentry     000000
__Hintret                                       intret       000000
__Hintsave_regs                                 intsave_regs 000000
__Hirdata                                       irdata       000000
__Hmediumconst                                  mediumconst  004000
__HnvBANK0                                      nvBANK0      000000
__HnvBANK1                                      nvBANK1      000000
__HnvFARRAM                                     nvFARRAM     000000
__Hnvbit                                        nvbit        000000
__Hnvrram                                       nvrram       000000
__Hparam                                        rparam       000000
__Hpowerup                                      powerup      00001C
__Hram                                          ram          000000
__Hramtop                                       ramtop       000F00
__Hrbit                                         rbit         000000
__Hrbss                                         rbss         000000
__Hrdata                                        rdata        000000
__Hreset_vec                                    reset_vec    000004
__Hrparam                                       rparam       000000
__Hsfr                                          sfr          000000
__Hsmallconst                                   smallconst   000000
__Hspace_0                                      (abs)        004000
__Hspace_1                                      (abs)        00018E
__Hspace_2                                      (abs)        000000
__Hspace_4                                      (abs)        60000C
__Hstack                                        stack        000000
__Hstruct                                       struct       000000
__Htemp                                         temp         000000
__Htext                                         text         000000
__Htext0                                        text0        000000
__Htext1                                        text1        000000
__Htext10                                       text10       000000
__Htext11                                       text11       000000
__Htext12                                       text12       000000
__Htext13                                       text13       000000
__Htext14                                       text14       000000
__Htext15                                       text15       000000
__Htext16                                       text16       000000
__Htext17                                       text17       000000
__Htext18                                       text18       000000
__Htext19                                       text19       000000
__Htext2                                        text2        000000
__Htext20                                       text20       000000
__Htext21                                       text21       000000
__Htext22                                       text22       000000
__Htext23                                       text23       000000
__Htext24                                       text24       000000
__Htext25                                       text25       000000
__Htext26                                       text26       000000
__Htext27                                       text27       000000
__Htext28                                       text28       000000
__Htext29                                       text29       000000
__Htext3                                        text3        000000
__Htext30                                       text30       000000
__Htext31                                       text31       000000
__Htext32                                       text32       000000
__Htext33                                       text33       000000
__Htext34                                       text34       000000
__Htext35                                       text35       000000
__Htext4                                        text4        000000
__Htext5                                        text5        000000
__Htext6                                        text6        000000
__Htext7                                        text7        000000
__Htext8                                        text8        000000
__Htext9                                        text9        000000
__LRAM                                          (abs)        000001
__Labs1                                         abs1         000000
__Lbank0                                        bank0        000000
__Lbank1                                        bank1        000000
__Lbank10                                       bank10       000000
__Lbank11                                       bank11       000000
__Lbank12                                       bank12       000000
__Lbank13                                       bank13       000000
__Lbank14                                       bank14       000000
__Lbank2                                        bank2        000000
__Lbank3                                        bank3        000000
__Lbank4                                        bank4        000000
__Lbank5                                        bank5        000000
__Lbank6                                        bank6        000000
__Lbank7                                        bank7        000000
__Lbank8                                        bank8        000000
__Lbank9                                        bank9        000000
__Lbigbss                                       bigbss       000000
__Lbigdata                                      bigdata      000000
__Lbigram                                       bigram       000000
__Lbss                                          bss          000000
__LbssBANK0                                     bssBANK0     000000
__LbssBANK1                                     bssBANK1     000000
__Lcinit                                        cinit        000000
__Lclrtext                                      clrtext      000000
__Lcomram                                       comram       000000
__Lconfig                                       config       000000
__Lconst                                        const        000000
__LcstackBANK0                                  cstackBANK0  000000
__LcstackCOMRAM                                 cstackCOMRAM 000000
__Ldata                                         data         000000
__LdataBANK0                                    dataBANK0    000000
__Leeprom_data                                  eeprom_data  000000
__Lfarbss                                       farbss       000000
__Lfardata                                      fardata      000000
__Libigdata                                     ibigdata     000000
__Lidata                                        idata        000000
__LidataBANK0                                   idataBANK0   000000
__Lidloc                                        idloc        000000
__Lifardata                                     ifardata     000000
__Linit                                         init         00001C
__Lintcode                                      intcode      000008
__Lintcode_body                                 intcode_body 000000
__Lintcodelo                                    intcodelo    000018
__Lintentry                                     intentry     000000
__Lintret                                       intret       000000
__Lintsave_regs                                 intsave_regs 000000
__Lirdata                                       irdata       000000
__Lmediumconst                                  mediumconst  003E74
__LnvBANK0                                      nvBANK0      000000
__LnvBANK1                                      nvBANK1      000000
__LnvFARRAM                                     nvFARRAM     000000
__Lnvbit                                        nvbit        000000
__Lnvrram                                       nvrram       000000
__Lparam                                        rparam       000000
__Lpowerup                                      powerup      00001C
__Lram                                          ram          000000
__Lramtop                                       ramtop       000F00
__Lrbit                                         rbit         000000
__Lrbss                                         rbss         000000
__Lrdata                                        rdata        000000
__Lreset_vec                                    reset_vec    000000
__Lrparam                                       rparam       000000
__Lsfr                                          sfr          000000
__Lsmallconst                                   smallconst   000000
__Lspace_0                                      (abs)        000000
__Lspace_1                                      (abs)        000000
__Lspace_2                                      (abs)        000000
__Lspace_4                                      (abs)        000000
__Lstack                                        stack        000000
__Lstruct                                       struct       000000
__Ltemp                                         temp         000000
__Ltext                                         text         000000
__Ltext0                                        text0        000000
__Ltext1                                        text1        000000
__Ltext10                                       text10       000000
__Ltext11                                       text11       000000
__Ltext12                                       text12       000000
__Ltext13                                       text13       000000
__Ltext14                                       text14       000000
__Ltext15                                       text15       000000
__Ltext16                                       text16       000000
__Ltext17                                       text17       000000
__Ltext18                                       text18       000000
__Ltext19                                       text19       000000
__Ltext2                                        text2        000000
__Ltext20                                       text20       000000
__Ltext21                                       text21       000000
__Ltext22                                       text22       000000
__Ltext23                                       text23       000000
__Ltext24                                       text24       000000
__Ltext25                                       text25       000000
__Ltext26                                       text26       000000
__Ltext27                                       text27       000000
__Ltext28                                       text28       000000
__Ltext29                                       text29       000000
__Ltext3                                        text3        000000
__Ltext30                                       text30       000000
__Ltext31                                       text31       000000
__Ltext32                                       text32       000000
__Ltext33                                       text33       000000
__Ltext34                                       text34       000000
__Ltext35                                       text35       000000
__Ltext4                                        text4        000000
__Ltext5                                        text5        000000
__Ltext6                                        text6        000000
__Ltext7                                        text7        000000
__Ltext8                                        text8        000000
__Ltext9                                        text9        000000
__S0                                            (abs)        004000
__S1                                            (abs)        00018E
__S2                                            (abs)        000000
__S4                                            (abs)        000000
__S5                                            (abs)        000000
___inthi_sp                                     stack        000000
___intlo_sp                                     stack        000000
___param_bank                                   (abs)        000000
___rparam_used                                  (abs)        000001
___sp                                           stack        000000
__accesstop                                     (abs)        000060
__activetblptr                                  (abs)        000002
__end_of_BOOT_EraseUserFlash                    text18       000F4E
__end_of_BOOT_GetHeader                         text16       000B40
__end_of_BOOT_Load                              text10       000D00
__end_of_BOOT_Read                              text15       0007EC
__end_of_BOOT_ReadVersion                       text14       0010D2
__end_of_BOOT_Write                             text11       000336
__end_of_DATAEE_ReadByte                        text9        0014F2
__end_of_DATAEE_WriteByte                       text34       001282
__end_of_EUSART1_Initialize                     text5        00134C
__end_of_EUSART1_Read                           text17       001492
__end_of_EUSART1_SetErrorHandler                text8        001552
__end_of_EUSART1_SetFramingErrorHandler         text7        001548
__end_of_EUSART1_SetOverrunErrorHandler         text6        00153E
__end_of_EUSART1_Write                          text30       001522
__end_of_FLASH_EraseBlock                       text33       001430
__end_of_FLASH_WriteBlock                       text13       000DD0
__end_of_FLASH_crc16                            text12       00106C
__end_of_OSCILLATOR_Initialize                  text4        00150A
__end_of_PIN_MANAGER_Initialize                 text3        0011EC
__end_of_PMD_Initialize                         text2        0014D6
__end_of_SYSTEM_Initialize                      text1        001534
__end_of__initialization                        cinit        0012BE
__end_of_fputc                                  text28       000FE4
__end_of_fputs                                  text27       00130C
__end_of_isalpha                                text32       001388
__end_of_islower                                text24       0013C0
__end_of_isupper                                text31       0013F8
__end_of_main                                   text0        000C22
__end_of_pad                                    text25       000E96
__end_of_printf                                 text19       0014BA
__end_of_putch                                  text29       00155C
__end_of_strlen                                 text26       001466
__end_of_toupper                                text23       001192
__end_of_vfpfcnvrt                              text21       0009BC
__end_of_vfprintf                               text20       001134
__end_of_xtoa                                   text22       00060E
__initialization                                cinit        001282
__mediumconst                                   mediumconst  003E74
__pbssBANK0                                     bssBANK0     0000AC
__pbssBANK1                                     bssBANK1     000100
__pcinit                                        cinit        001282
__pcstackBANK0                                  cstackBANK0  0000DB
__pcstackCOMRAM                                 cstackCOMRAM 000001
__pdataBANK0                                    dataBANK0    000060
__pidataBANK0                                   idataBANK0   0011EC
__pmediumconst                                  mediumconst  003E74
__pnvBANK0                                      nvBANK0      0000FD
__pnvBANK1                                      nvBANK1      00018A
__ptext0                                        text0        000B40
__ptext1                                        text1        001522
__ptext10                                       text10       000C22
__ptext11                                       text11       000020
__ptext12                                       text12       000FE4
__ptext13                                       text13       000D00
__ptext14                                       text14       00106C
__ptext15                                       text15       00060E
__ptext16                                       text16       0009BC
__ptext17                                       text17       001466
__ptext18                                       text18       000E96
__ptext19                                       text19       001492
__ptext2                                        text2        0014BA
__ptext20                                       text20       0010D2
__ptext21                                       text21       0007EC
__ptext22                                       text22       000336
__ptext23                                       text23       001134
__ptext24                                       text24       001388
__ptext25                                       text25       000DD0
__ptext26                                       text26       001430
__ptext27                                       text27       0012C8
__ptext28                                       text28       000F4E
__ptext29                                       text29       001552
__ptext3                                        text3        001192
__ptext30                                       text30       00150A
__ptext31                                       text31       0013C0
__ptext32                                       text32       00134C
__ptext33                                       text33       0013F8
__ptext34                                       text34       001238
__ptext35                                       text35       000000
__ptext4                                        text4        0014F2
__ptext5                                        text5        00130C
__ptext6                                        text6        001534
__ptext7                                        text7        00153E
__ptext8                                        text8        001548
__ptext9                                        text9        0014D6
__ramtop                                        ramtop       000F00
__size_of_BOOT_EraseUserFlash                   (abs)        000000
__size_of_BOOT_GetHeader                        (abs)        000000
__size_of_BOOT_Load                             (abs)        000000
__size_of_BOOT_Read                             (abs)        000000
__size_of_BOOT_ReadVersion                      (abs)        000000
__size_of_BOOT_Write                            (abs)        000000
__size_of_DATAEE_ReadByte                       (abs)        000000
__size_of_DATAEE_WriteByte                      (abs)        000000
__size_of_EUSART1_Initialize                    (abs)        000000
__size_of_EUSART1_Read                          (abs)        000000
__size_of_EUSART1_SetErrorHandler               (abs)        000000
__size_of_EUSART1_SetFramingErrorHandler        (abs)        000000
__size_of_EUSART1_SetOverrunErrorHandler        (abs)        000000
__size_of_EUSART1_Write                         (abs)        000000
__size_of_FLASH_EraseBlock                      (abs)        000000
__size_of_FLASH_WriteBlock                      (abs)        000000
__size_of_FLASH_crc16                           (abs)        000000
__size_of_OSCILLATOR_Initialize                 (abs)        000000
__size_of_PIN_MANAGER_Initialize                (abs)        000000
__size_of_PMD_Initialize                        (abs)        000000
__size_of_SYSTEM_Initialize                     (abs)        000000
__size_of_fputc                                 (abs)        000000
__size_of_fputs                                 (abs)        000000
__size_of_isalpha                               (abs)        000000
__size_of_islower                               (abs)        000000
__size_of_isupper                               (abs)        000000
__size_of_main                                  (abs)        000000
__size_of_pad                                   (abs)        000000
__size_of_printf                                (abs)        000000
__size_of_putch                                 (abs)        000000
__size_of_strlen                                (abs)        000000
__size_of_toupper                               (abs)        000000
__size_of_vfpfcnvrt                             (abs)        000000
__size_of_vfprintf                              (abs)        000000
__size_of_xtoa                                  (abs)        000000
__smallconst                                    smallconst   000000
_currentBlock                                   bssBANK1     000140
_dbuf                                           bssBANK0     0000BB
_eusart1RxLastError                             bssBANK0     0000BA
_exit_boot                                      bssBANK0     0000B9
_flags                                          bssBANK0     0000B6
_fputc                                          text28       000F4E
_fputs                                          text27       0012C8
_index                                          bssBANK0     0000AC
_isalpha                                        text32       00134C
_islower                                        text24       001388
_isupper                                        text31       0013C0
_main                                           text0        000B40
_nout                                           bssBANK0     0000B0
_pad                                            text25       000DD0
_prec                                           bssBANK0     0000B4
_printf                                         text19       001492
_putch                                          text29       001552
_strlen                                         text26       001430
_tempBuffer                                     bssBANK0     0000B8
_tempDataBuffer                                 bssBANK1     000100
_toupper                                        text23       001134
_toupper$1315                                   cstackCOMRAM 00000D
_vfpfcnvrt                                      text21       0007EC
_vfprintf                                       text20       0010D2
_width                                          bssBANK0     0000B2
_xtoa                                           text22       000336
_xtoa$1238                                      cstackCOMRAM 000031
_xtoa$1239                                      cstackCOMRAM 000033
end_of_initialization                           cinit        0012BE
fputc@c                                         cstackCOMRAM 000003
fputc@fp                                        cstackCOMRAM 000005
fputs@c                                         cstackCOMRAM 000010
fputs@fp                                        cstackCOMRAM 00000E
fputs@i                                         cstackCOMRAM 000011
fputs@s                                         cstackCOMRAM 00000C
intlevel0                                       text         000000
intlevel1                                       text         000000
intlevel2                                       text         000000
intlevel3                                       text         000000
isalpha@c                                       cstackCOMRAM 000001
islower@c                                       cstackCOMRAM 000001
isupper@c                                       cstackCOMRAM 000001
pad@buf                                         cstackCOMRAM 000015
pad@fp                                          cstackCOMRAM 000013
pad@i                                           cstackCOMRAM 00001A
pad@p                                           cstackCOMRAM 000017
pad@w                                           cstackCOMRAM 00001C
printf@ap                                       cstackBANK0  0000E1
printf@fmt                                      cstackBANK0  0000DB
putch@txData                                    cstackCOMRAM 000002
stackhi                                         (abs)        000E87
stacklo                                         (abs)        00018E
start                                           init         00001C
start_initialization                            cinit        001282
strlen@a                                        cstackCOMRAM 000003
strlen@s                                        cstackCOMRAM 000001
toupper@c                                       cstackCOMRAM 000007
vfpfcnvrt@ap                                    cstackCOMRAM 000049
vfpfcnvrt@c                                     cstackCOMRAM 000057
vfpfcnvrt@fmt                                   cstackCOMRAM 000047
vfpfcnvrt@fp                                    cstackCOMRAM 000045
vfpfcnvrt@llu                                   cstackCOMRAM 00004F
vfprintf@ap                                     cstackCOMRAM 00005C
vfprintf@cfmt                                   cstackCOMRAM 00005E
vfprintf@fmt                                    cstackCOMRAM 00005A
vfprintf@fp                                     cstackCOMRAM 000058
xtoa@c                                          cstackCOMRAM 000043
xtoa@d                                          cstackCOMRAM 000020
xtoa@fp                                         cstackCOMRAM 00001E
xtoa@i                                          cstackCOMRAM 000041
xtoa@n                                          cstackCOMRAM 000039
xtoa@p                                          cstackCOMRAM 000035
xtoa@w                                          cstackCOMRAM 000037
xtoa@x                                          cstackCOMRAM 000028


FUNCTION INFORMATION:

 *************** function _main *****************
 Defined at:
		line 60 in file "main.c"
 Parameters:    Size  Location     Type
		None
 Auto vars:     Size  Location     Type
		None
 Return value:  Size  Location     Type
                  1    wreg      void 
 Registers used:
		wreg, fsr1l, fsr1h, fsr2l, fsr2h, status,2, status,0, pclath, tosl, tblptrl, tblptrh, tblptru, cstack
 Tracked objects:
		On entry : 
		On exit  : 
		Unchanged: 
 Data sizes:     COMRAM   BANK0   BANK1   BANK2   BANK3   BANK4   BANK5   BANK6   BANK7   BANK8   BANK9  BANK10  BANK11  BANK12  BANK13  BANK14
      Params:         0       0       0       0       0       0       0       0       0       0       0       0       0       0       0       0
      Locals:         0       0       0       0       0       0       0       0       0       0       0       0       0       0       0       0
      Temps:          0       2       0       0       0       0       0       0       0       0       0       0       0       0       0       0
      Totals:         0       2       0       0       0       0       0       0       0       0       0       0       0       0       0       0
Total ram usage:        2 bytes
 Hardware stack levels required when called:   11
 This function calls:
		_BOOT_Load
		_DATAEE_ReadByte
		_SYSTEM_Initialize
		_printf
 This function is called by:
		Startup code after reset
 This function uses a non-reentrant model


 *************** function _SYSTEM_Initialize *****************
 Defined at:
		line 50 in file "mcc_generated_files/mcc.c"
 Parameters:    Size  Location     Type
		None
 Auto vars:     Size  Location     Type
		None
 Return value:  Size  Location     Type
                  1    wreg      void 
 Registers used:
		wreg, status,2, status,0, cstack
 Tracked objects:
		On entry : 
		On exit  : 
		Unchanged: 
 Data sizes:     COMRAM   BANK0   BANK1   BANK2   BANK3   BANK4   BANK5   BANK6   BANK7   BANK8   BANK9  BANK10  BANK11  BANK12  BANK13  BANK14
      Params:         0       0       0       0       0       0       0       0       0       0       0       0       0       0       0       0
      Locals:         0       0       0       0       0       0       0       0       0       0       0       0       0       0       0       0
      Temps:          0       0       0       0       0       0       0       0       0       0       0       0       0       0       0       0
      Totals:         0       0       0       0       0       0       0       0       0       0       0       0       0       0       0       0
Total ram usage:        0 bytes
 Hardware stack levels used:    1
 Hardware stack levels required when called:    2
 This function calls:
		_EUSART1_Initialize
		_OSCILLATOR_Initialize
		_PIN_MANAGER_Initialize
		_PMD_Initialize
 This function is called by:
		_main
 This function uses a non-reentrant model


 *************** function _PMD_Initialize *****************
 Defined at:
		line 72 in file "mcc_generated_files/mcc.c"
 Parameters:    Size  Location     Type
		None
 Auto vars:     Size  Location     Type
		None
 Return value:  Size  Location     Type
                  1    wreg      void 
 Registers used:
		wreg, status,2
 Tracked objects:
		On entry : 
		On exit  : 
		Unchanged: 
 Data sizes:     COMRAM   BANK0   BANK1   BANK2   BANK3   BANK4   BANK5   BANK6   BANK7   BANK8   BANK9  BANK10  BANK11  BANK12  BANK13  BANK14
      Params:         0       0       0       0       0       0       0       0       0       0       0       0       0       0       0       0
      Locals:         0       0       0       0       0       0       0       0       0       0       0       0       0       0       0       0
      Temps:          0       0       0       0       0       0       0       0       0       0       0       0       0       0       0       0
      Totals:         0       0       0       0       0       0       0       0       0       0       0       0       0       0       0       0
Total ram usage:        0 bytes
 Hardware stack levels used:    1
 This function calls:
		Nothing
 This function is called by:
		_SYSTEM_Initialize
 This function uses a non-reentrant model


 *************** function _PIN_MANAGER_Initialize *****************
 Defined at:
		line 55 in file "mcc_generated_files/pin_manager.c"
 Parameters:    Size  Location     Type
		None
 Auto vars:     Size  Location     Type
		None
 Return value:  Size  Location     Type
                  1    wreg      void 
 Registers used:
		wreg, status,2
 Tracked objects:
		On entry : 
		On exit  : 
		Unchanged: 
 Data sizes:     COMRAM   BANK0   BANK1   BANK2   BANK3   BANK4   BANK5   BANK6   BANK7   BANK8   BANK9  BANK10  BANK11  BANK12  BANK13  BANK14
      Params:         0       0       0       0       0       0       0       0       0       0       0       0       0       0       0       0
      Locals:         0       0       0       0       0       0       0       0       0       0       0       0       0       0       0       0
      Temps:          0       0       0       0       0       0       0       0       0       0       0       0       0       0       0       0
      Totals:         0       0       0       0       0       0       0       0       0       0       0       0       0       0       0       0
Total ram usage:        0 bytes
 Hardware stack levels used:    1
 This function calls:
		Nothing
 This function is called by:
		_SYSTEM_Initialize
 This function uses a non-reentrant model


 *************** function _OSCILLATOR_Initialize *****************
 Defined at:
		line 58 in file "mcc_generated_files/mcc.c"
 Parameters:    Size  Location     Type
		None
 Auto vars:     Size  Location     Type
		None
 Return value:  Size  Location     Type
                  1    wreg      void 
 Registers used:
		wreg, status,2
 Tracked objects:
		On entry : 
		On exit  : 
		Unchanged: 
 Data sizes:     COMRAM   BANK0   BANK1   BANK2   BANK3   BANK4   BANK5   BANK6   BANK7   BANK8   BANK9  BANK10  BANK11  BANK12  BANK13  BANK14
      Params:         0       0       0       0       0       0       0       0       0       0       0       0       0       0       0       0
      Locals:         0       0       0       0       0       0       0       0       0       0       0       0       0       0       0       0
      Temps:          0       0       0       0       0       0       0       0       0       0       0       0       0       0       0       0
      Totals:         0       0       0       0       0       0       0       0       0       0       0       0       0       0       0       0
Total ram usage:        0 bytes
 Hardware stack levels used:    1
 This function calls:
		Nothing
 This function is called by:
		_SYSTEM_Initialize
 This function uses a non-reentrant model


 *************** function _EUSART1_Initialize *****************
 Defined at:
		line 66 in file "mcc_generated_files/eusart1.c"
 Parameters:    Size  Location     Type
		None
 Auto vars:     Size  Location     Type
		None
 Return value:  Size  Location     Type
                  1    wreg      void 
 Registers used:
		wreg, status,2, status,0, cstack
 Tracked objects:
		On entry : 
		On exit  : 
		Unchanged: 
 Data sizes:     COMRAM   BANK0   BANK1   BANK2   BANK3   BANK4   BANK5   BANK6   BANK7   BANK8   BANK9  BANK10  BANK11  BANK12  BANK13  BANK14
      Params:         0       0       0       0       0       0       0       0       0       0       0       0       0       0       0       0
      Locals:         0       0       0       0       0       0       0       0       0       0       0       0       0       0       0       0
      Temps:          0       0       0       0       0       0       0       0       0       0       0       0       0       0       0       0
      Totals:         0       0       0       0       0       0       0       0       0       0       0       0       0       0       0       0
Total ram usage:        0 bytes
 Hardware stack levels used:    1
 Hardware stack levels required when called:    1
 This function calls:
		_EUSART1_SetErrorHandler
		_EUSART1_SetFramingErrorHandler
		_EUSART1_SetOverrunErrorHandler
 This function is called by:
		_SYSTEM_Initialize
 This function uses a non-reentrant model


 *************** function _EUSART1_SetOverrunErrorHandler *****************
 Defined at:
		line 170 in file "mcc_generated_files/eusart1.c"
 Parameters:    Size  Location     Type
  interruptHan    2    0[COMRAM] PTR FTN()void 
		 -> EUSART1_DefaultOverrunErrorHandler(1), 
 Auto vars:     Size  Location     Type
		None
 Return value:  Size  Location     Type
                  1    wreg      void 
 Registers used:
		wreg, status,2, status,0
 Tracked objects:
		On entry : 
		On exit  : 
		Unchanged: 
 Data sizes:     COMRAM   BANK0   BANK1   BANK2   BANK3   BANK4   BANK5   BANK6   BANK7   BANK8   BANK9  BANK10  BANK11  BANK12  BANK13  BANK14
      Params:         2       0       0       0       0       0       0       0       0       0       0       0       0       0       0       0
      Locals:         0       0       0       0       0       0       0       0       0       0       0       0       0       0       0       0
      Temps:          0       0       0       0       0       0       0       0       0       0       0       0       0       0       0       0
      Totals:         2       0       0       0       0       0       0       0       0       0       0       0       0       0       0       0
Total ram usage:        2 bytes
 Hardware stack levels used:    1
 This function calls:
		Nothing
 This function is called by:
		_EUSART1_Initialize
 This function uses a non-reentrant model


 *************** function _EUSART1_SetFramingErrorHandler *****************
 Defined at:
		line 166 in file "mcc_generated_files/eusart1.c"
 Parameters:    Size  Location     Type
  interruptHan    2    0[COMRAM] PTR FTN()void 
		 -> EUSART1_DefaultFramingErrorHandler(1), 
 Auto vars:     Size  Location     Type
		None
 Return value:  Size  Location     Type
                  1    wreg      void 
 Registers used:
		wreg, status,2, status,0
 Tracked objects:
		On entry : 
		On exit  : 
		Unchanged: 
 Data sizes:     COMRAM   BANK0   BANK1   BANK2   BANK3   BANK4   BANK5   BANK6   BANK7   BANK8   BANK9  BANK10  BANK11  BANK12  BANK13  BANK14
      Params:         2       0       0       0       0       0       0       0       0       0       0       0       0       0       0       0
      Locals:         0       0       0       0       0       0       0       0       0       0       0       0       0       0       0       0
      Temps:          0       0       0       0       0       0       0       0       0       0       0       0       0       0       0       0
      Totals:         2       0       0       0       0       0       0       0       0       0       0       0       0       0       0       0
Total ram usage:        2 bytes
 Hardware stack levels used:    1
 This function calls:
		Nothing
 This function is called by:
		_EUSART1_Initialize
 This function uses a non-reentrant model


 *************** function _EUSART1_SetErrorHandler *****************
 Defined at:
		line 174 in file "mcc_generated_files/eusart1.c"
 Parameters:    Size  Location     Type
  interruptHan    2    0[COMRAM] PTR FTN()void 
		 -> EUSART1_DefaultErrorHandler(1), 
 Auto vars:     Size  Location     Type
		None
 Return value:  Size  Location     Type
                  1    wreg      void 
 Registers used:
		wreg, status,2, status,0
 Tracked objects:
		On entry : 
		On exit  : 
		Unchanged: 
 Data sizes:     COMRAM   BANK0   BANK1   BANK2   BANK3   BANK4   BANK5   BANK6   BANK7   BANK8   BANK9  BANK10  BANK11  BANK12  BANK13  BANK14
      Params:         2       0       0       0       0       0       0       0       0       0       0       0       0       0       0       0
      Locals:         0       0       0       0       0       0       0       0       0       0       0       0       0       0       0       0
      Temps:          0       0       0       0       0       0       0       0       0       0       0       0       0       0       0       0
      Totals:         2       0       0       0       0       0       0       0       0       0       0       0       0       0       0       0
Total ram usage:        2 bytes
 Hardware stack levels used:    1
 This function calls:
		Nothing
 This function is called by:
		_EUSART1_Initialize
 This function uses a non-reentrant model


 *************** function _DATAEE_ReadByte *****************
 Defined at:
		line 188 in file "mcc_generated_files/memory.c"
 Parameters:    Size  Location     Type
  bAdd            2    0[COMRAM] unsigned short 
 Auto vars:     Size  Location     Type
		None
 Return value:  Size  Location     Type
                  1    wreg      unsigned char 
 Registers used:
		wreg, status,2, status,0
 Tracked objects:
		On entry : 
		On exit  : 
		Unchanged: 
 Data sizes:     COMRAM   BANK0   BANK1   BANK2   BANK3   BANK4   BANK5   BANK6   BANK7   BANK8   BANK9  BANK10  BANK11  BANK12  BANK13  BANK14
      Params:         2       0       0       0       0       0       0       0       0       0       0       0       0       0       0       0
      Locals:         0       0       0       0       0       0       0       0       0       0       0       0       0       0       0       0
      Temps:          0       0       0       0       0       0       0       0       0       0       0       0       0       0       0       0
      Totals:         2       0       0       0       0       0       0       0       0       0       0       0       0       0       0       0
Total ram usage:        2 bytes
 Hardware stack levels used:    1
 This function calls:
		Nothing
 This function is called by:
		_main
 This function uses a non-reentrant model


 *************** function _BOOT_Load *****************
 Defined at:
		line 20 in file "bootloader.c"
 Parameters:    Size  Location     Type
		None
 Auto vars:     Size  Location     Type
		None
 Return value:  Size  Location     Type
                  1    wreg      unsigned char 
 Registers used:
		wreg, fsr1l, fsr1h, fsr2l, fsr2h, status,2, status,0, pclath, tosl, tblptrl, tblptrh, tblptru, cstack
 Tracked objects:
		On entry : 
		On exit  : 
		Unchanged: 
 Data sizes:     COMRAM   BANK0   BANK1   BANK2   BANK3   BANK4   BANK5   BANK6   BANK7   BANK8   BANK9  BANK10  BANK11  BANK12  BANK13  BANK14
      Params:         0       0       0       0       0       0       0       0       0       0       0       0       0       0       0       0
      Locals:         0       0       0       0       0       0       0       0       0       0       0       0       0       0       0       0
      Temps:          0       2       0       0       0       0       0       0       0       0       0       0       0       0       0       0
      Totals:         0       2       0       0       0       0       0       0       0       0       0       0       0       0       0       0
Total ram usage:        2 bytes
 Hardware stack levels used:    1
 Hardware stack levels required when called:   10
 This function calls:
		_BOOT_EraseUserFlash
		_BOOT_GetHeader
		_BOOT_Read
		_BOOT_ReadVersion
		_BOOT_Write
		_DATAEE_WriteByte
		_EUSART1_Read
		_EUSART1_Write
 This function is called by:
		_main
 This function uses a non-reentrant model


 *************** function _BOOT_Write *****************
 Defined at:
		line 165 in file "bootloader.c"
 Parameters:    Size  Location     Type
		None
 Auto vars:     Size  Location     Type
  i               2   28[BANK0 ] int 
  min_length      4    0        unsigned long 
  max_length      4   20[BANK0 ] unsigned long 
  min_address     4   16[BANK0 ] unsigned long 
  max_address     4   12[BANK0 ] unsigned long 
  crc             2    0        unsigned short 
 Return value:  Size  Location     Type
                  1    wreg      void 
 Registers used:
		wreg, fsr1l, fsr1h, fsr2l, fsr2h, status,2, status,0, tblptrl, tblptrh, tblptru, cstack
 Tracked objects:
		On entry : 
		On exit  : 
		Unchanged: 
 Data sizes:     COMRAM   BANK0   BANK1   BANK2   BANK3   BANK4   BANK5   BANK6   BANK7   BANK8   BANK9  BANK10  BANK11  BANK12  BANK13  BANK14
      Params:         0       0       0       0       0       0       0       0       0       0       0       0       0       0       0       0
      Locals:         0      18       0       0       0       0       0       0       0       0       0       0       0       0       0       0
      Temps:          0       4       0       0       0       0       0       0       0       0       0       0       0       0       0       0
      Totals:         0      22       0       0       0       0       0       0       0       0       0       0       0       0       0       0
Total ram usage:       22 bytes
 Hardware stack levels used:    1
 Hardware stack levels required when called:    9
 This function calls:
		_DATAEE_WriteByte
		_EUSART1_Write
		_FLASH_WriteBlock
		_FLASH_crc16
		_printf
 This function is called by:
		_BOOT_Load
 This function uses a non-reentrant model


 *************** function _FLASH_crc16 *****************
 Defined at:
		line 352 in file "bootloader.c"
 Parameters:    Size  Location     Type
  data_p          2    0[COMRAM] PTR unsigned char 
		 -> Header(76), 
  length          1    2[COMRAM] unsigned char 
 Auto vars:     Size  Location     Type
  crc             2    9[COMRAM] unsigned short 
  x               1   11[COMRAM] unsigned char 
 Return value:  Size  Location     Type
                  2    0[COMRAM] unsigned short 
 Registers used:
		wreg, fsr2l, fsr2h, status,2, status,0
 Tracked objects:
		On entry : 
		On exit  : 
		Unchanged: 
 Data sizes:     COMRAM   BANK0   BANK1   BANK2   BANK3   BANK4   BANK5   BANK6   BANK7   BANK8   BANK9  BANK10  BANK11  BANK12  BANK13  BANK14
      Params:         3       0       0       0       0       0       0       0       0       0       0       0       0       0       0       0
      Locals:         3       0       0       0       0       0       0       0       0       0       0       0       0       0       0       0
      Temps:          6       0       0       0       0       0       0       0       0       0       0       0       0       0       0       0
      Totals:        12       0       0       0       0       0       0       0       0       0       0       0       0       0       0       0
Total ram usage:       12 bytes
 Hardware stack levels used:    1
 This function calls:
		Nothing
 This function is called by:
		_BOOT_Write
 This function uses a non-reentrant model


 *************** function _FLASH_WriteBlock *****************
 Defined at:
		line 95 in file "mcc_generated_files/memory.c"
 Parameters:    Size  Location     Type
  writeAddr       4    5[COMRAM] unsigned long 
  flashWrBufPt    2    9[COMRAM] PTR unsigned char 
		 -> currentBlock(74), Header(76), 
 Auto vars:     Size  Location     Type
  blockStartAd    4   11[COMRAM] unsigned long 
  i               1   16[COMRAM] unsigned char 
  GIEBitValue     1   15[COMRAM] unsigned char 
 Return value:  Size  Location     Type
                  1    wreg      char 
 Registers used:
		wreg, fsr2l, fsr2h, status,2, status,0, cstack
 Tracked objects:
		On entry : 
		On exit  : 
		Unchanged: 
 Data sizes:     COMRAM   BANK0   BANK1   BANK2   BANK3   BANK4   BANK5   BANK6   BANK7   BANK8   BANK9  BANK10  BANK11  BANK12  BANK13  BANK14
      Params:         6       0       0       0       0       0       0       0       0       0       0       0       0       0       0       0
      Locals:         6       0       0       0       0       0       0       0       0       0       0       0       0       0       0       0
      Temps:          0       0       0       0       0       0       0       0       0       0       0       0       0       0       0       0
      Totals:        12       0       0       0       0       0       0       0       0       0       0       0       0       0       0       0
Total ram usage:       12 bytes
 Hardware stack levels used:    1
 Hardware stack levels required when called:    1
 This function calls:
		_FLASH_EraseBlock
 This function is called by:
		_BOOT_Write
		_FLASH_WriteByte
		_FLASH_AddToBlock
 This function uses a non-reentrant model


 *************** function _BOOT_ReadVersion *****************
 Defined at:
		line 262 in file "bootloader.c"
 Parameters:    Size  Location     Type
		None
 Auto vars:     Size  Location     Type
		None
 Return value:  Size  Location     Type
                  1    wreg      void 
 Registers used:
		wreg, fsr1l, fsr1h, fsr2l, fsr2h, status,2, status,0, tblptrl, tblptrh, tblptru, cstack
 Tracked objects:
		On entry : 
		On exit  : 
		Unchanged: 
 Data sizes:     COMRAM   BANK0   BANK1   BANK2   BANK3   BANK4   BANK5   BANK6   BANK7   BANK8   BANK9  BANK10  BANK11  BANK12  BANK13  BANK14
      Params:         0       0       0       0       0       0       0       0       0       0       0       0       0       0       0       0
      Locals:         0       0       0       0       0       0       0       0       0       0       0       0       0       0       0       0
      Temps:          0       0       0       0       0       0       0       0       0       0       0       0       0       0       0       0
      Totals:         0       0       0       0       0       0       0       0       0       0       0       0       0       0       0       0
Total ram usage:        0 bytes
 Hardware stack levels used:    1
 Hardware stack levels required when called:    9
 This function calls:
		_EUSART1_Write
		_printf
 This function is called by:
		_BOOT_Load
 This function uses a non-reentrant model


 *************** function _BOOT_Read *****************
 Defined at:
		line 81 in file "bootloader.c"
 Parameters:    Size  Location     Type
		None
 Auto vars:     Size  Location     Type
  i               2   12[BANK0 ] int 
  min_address     3   17[BANK0 ] unsigned um
  max_address     3   14[BANK0 ] unsigned um
  min_length      1    0        unsigned char 
  max_length      1   20[BANK0 ] unsigned char 
 Return value:  Size  Location     Type
                  1    wreg      void 
 Registers used:
		wreg, fsr1l, fsr1h, fsr2l, fsr2h, status,2, status,0, tblptrl, tblptrh, tblptru, cstack
 Tracked objects:
		On entry : 
		On exit  : 
		Unchanged: 
 Data sizes:     COMRAM   BANK0   BANK1   BANK2   BANK3   BANK4   BANK5   BANK6   BANK7   BANK8   BANK9  BANK10  BANK11  BANK12  BANK13  BANK14
      Params:         0       0       0       0       0       0       0       0       0       0       0       0       0       0       0       0
      Locals:         0      10       0       0       0       0       0       0       0       0       0       0       0       0       0       0
      Temps:          0       4       0       0       0       0       0       0       0       0       0       0       0       0       0       0
      Totals:         0      14       0       0       0       0       0       0       0       0       0       0       0       0       0       0
Total ram usage:       14 bytes
 Hardware stack levels used:    1
 Hardware stack levels required when called:    9
 This function calls:
		_EUSART1_Write
		_printf
 This function is called by:
		_BOOT_Load
 This function uses a non-reentrant model


 *************** function _BOOT_GetHeader *****************
 Defined at:
		line 59 in file "bootloader.c"
 Parameters:    Size  Location     Type
		None
 Auto vars:     Size  Location     Type
  i               2    6[COMRAM] int 
 Return value:  Size  Location     Type
                  1    wreg      void 
 Registers used:
		wreg, fsr2l, fsr2h, status,2, status,0, cstack
 Tracked objects:
		On entry : 
		On exit  : 
		Unchanged: 
 Data sizes:     COMRAM   BANK0   BANK1   BANK2   BANK3   BANK4   BANK5   BANK6   BANK7   BANK8   BANK9  BANK10  BANK11  BANK12  BANK13  BANK14
      Params:         0       0       0       0       0       0       0       0       0       0       0       0       0       0       0       0
      Locals:         2       0       0       0       0       0       0       0       0       0       0       0       0       0       0       0
      Temps:          6       0       0       0       0       0       0       0       0       0       0       0       0       0       0       0
      Totals:         8       0       0       0       0       0       0       0       0       0       0       0       0       0       0       0
Total ram usage:        8 bytes
 Hardware stack levels used:    1
 Hardware stack levels required when called:    1
 This function calls:
		_EUSART1_Read
 This function is called by:
		_BOOT_Load
 This function uses a non-reentrant model


 *************** function _EUSART1_Read *****************
 Defined at:
		line 113 in file "mcc_generated_files/eusart1.c"
 Parameters:    Size  Location     Type
		None
 Auto vars:     Size  Location     Type
		None
 Return value:  Size  Location     Type
                  1    wreg      unsigned char 
 Registers used:
		wreg, status,2
 Tracked objects:
		On entry : 
		On exit  : 
		Unchanged: 
 Data sizes:     COMRAM   BANK0   BANK1   BANK2   BANK3   BANK4   BANK5   BANK6   BANK7   BANK8   BANK9  BANK10  BANK11  BANK12  BANK13  BANK14
      Params:         0       0       0       0       0       0       0       0       0       0       0       0       0       0       0       0
      Locals:         0       0       0       0       0       0       0       0       0       0       0       0       0       0       0       0
      Temps:          0       0       0       0       0       0       0       0       0       0       0       0       0       0       0       0
      Totals:         0       0       0       0       0       0       0       0       0       0       0       0       0       0       0       0
Total ram usage:        0 bytes
 Hardware stack levels used:    1
 This function calls:
		Nothing
 This function is called by:
		_BOOT_Load
		_BOOT_GetHeader
		_getch
 This function uses a non-reentrant model


 *************** function _BOOT_EraseUserFlash *****************
 Defined at:
		line 283 in file "bootloader.c"
 Parameters:    Size  Location     Type
		None
 Auto vars:     Size  Location     Type
  address         4    8[BANK0 ] unsigned long 
 Return value:  Size  Location     Type
                  1    wreg      void 
 Registers used:
		wreg, fsr1l, fsr1h, fsr2l, fsr2h, status,2, status,0, tblptrl, tblptrh, tblptru, cstack
 Tracked objects:
		On entry : 
		On exit  : 
		Unchanged: 
 Data sizes:     COMRAM   BANK0   BANK1   BANK2   BANK3   BANK4   BANK5   BANK6   BANK7   BANK8   BANK9  BANK10  BANK11  BANK12  BANK13  BANK14
      Params:         0       0       0       0       0       0       0       0       0       0       0       0       0       0       0       0
      Locals:         0       4       0       0       0       0       0       0       0       0       0       0       0       0       0       0
      Temps:          0       0       0       0       0       0       0       0       0       0       0       0       0       0       0       0
      Totals:         0       4       0       0       0       0       0       0       0       0       0       0       0       0       0       0
Total ram usage:        4 bytes
 Hardware stack levels used:    1
 Hardware stack levels required when called:    9
 This function calls:
		_DATAEE_WriteByte
		_EUSART1_Write
		_FLASH_EraseBlock
		_printf
 This function is called by:
		_BOOT_Load
 This function uses a non-reentrant model


 *************** function _printf *****************
 Defined at:
		line 5 in file "D:\pic\sources\c99\common\printf.c"
 Parameters:    Size  Location     Type
[...]
      Params:         2       0       0       0       0       0       0       0       0       0       0       0       0       0       0       0
      Locals:         2       0       0       0       0       0       0       0       0       0       0       0       0       0       0       0
      Temps:          4       0       0       0       0       0       0       0       0       0       0       0       0       0       0       0
      Totals:         8       0       0       0       0       0       0       0       0       0       0       0       0       0       0       0
Total ram usage:        8 bytes
 Hardware stack levels used:    1
 Hardware stack levels required when called:    1
 This function calls:
		_islower
 This function is called by:
		_xtoa
 This function uses a non-reentrant model


 *************** function _islower *****************
 Defined at:
		line 5 in file "D:\pic\sources\c99\common\islower.c"
 Parameters:    Size  Location     Type
  c               2    0[COMRAM] int 
 Auto vars:     Size  Location     Type
		None
 Return value:  Size  Location     Type
                  2    0[COMRAM] int 
 Registers used:
		wreg, status,2, status,0
 Tracked objects:
		On entry : 
		On exit  : 
		Unchanged: 
 Data sizes:     COMRAM   BANK0   BANK1   BANK2   BANK3   BANK4   BANK5   BANK6   BANK7   BANK8   BANK9  BANK10  BANK11  BANK12  BANK13  BANK14
      Params:         2       0       0       0       0       0       0       0       0       0       0       0       0       0       0       0
      Locals:         0       0       0       0       0       0       0       0       0       0       0       0       0       0       0       0
      Temps:          4       0       0       0       0       0       0       0       0       0       0       0       0       0       0       0
      Totals:         6       0       0       0       0       0       0       0       0       0       0       0       0       0       0       0
Total ram usage:        6 bytes
 Hardware stack levels used:    1
 This function calls:
		Nothing
 This function is called by:
		_toupper
 This function uses a non-reentrant model


 *************** function _pad *****************
 Defined at:
		line 72 in file "D:\pic\sources\c99\common\doprnt.c"
 Parameters:    Size  Location     Type
  fp              2   18[COMRAM] PTR struct _IO_FILE
		 -> NULL(0), 
  buf             2   20[COMRAM] PTR unsigned char 
		 -> dbuf(32), 
  p               2   22[COMRAM] int 
 Auto vars:     Size  Location     Type
  w               2   27[COMRAM] int 
  i               2   25[COMRAM] int 
 Return value:  Size  Location     Type
                  2   18[COMRAM] int 
 Registers used:
		wreg, fsr1l, fsr1h, fsr2l, fsr2h, status,2, status,0, cstack
 Tracked objects:
		On entry : 
		On exit  : 
		Unchanged: 
 Data sizes:     COMRAM   BANK0   BANK1   BANK2   BANK3   BANK4   BANK5   BANK6   BANK7   BANK8   BANK9  BANK10  BANK11  BANK12  BANK13  BANK14
      Params:         6       0       0       0       0       0       0       0       0       0       0       0       0       0       0       0
      Locals:         4       0       0       0       0       0       0       0       0       0       0       0       0       0       0       0
      Temps:          1       0       0       0       0       0       0       0       0       0       0       0       0       0       0       0
      Totals:        11       0       0       0       0       0       0       0       0       0       0       0       0       0       0       0
Total ram usage:       11 bytes
 Hardware stack levels used:    1
 Hardware stack levels required when called:    4
 This function calls:
		_fputc
		_fputs
		_strlen
 This function is called by:
		_xtoa
 This function uses a non-reentrant model


 *************** function _strlen *****************
 Defined at:
		line 5 in file "D:\pic\sources\c99\common\strlen.c"
 Parameters:    Size  Location     Type
  s               2    0[COMRAM] PTR const unsigned char 
		 -> dbuf(32), 
 Auto vars:     Size  Location     Type
  a               2    2[COMRAM] PTR const unsigned char 
		 -> dbuf(32), 
 Return value:  Size  Location     Type
                  2    0[COMRAM] unsigned int 
 Registers used:
		wreg, fsr2l, fsr2h, status,2, status,0
 Tracked objects:
		On entry : 
		On exit  : 
		Unchanged: 
 Data sizes:     COMRAM   BANK0   BANK1   BANK2   BANK3   BANK4   BANK5   BANK6   BANK7   BANK8   BANK9  BANK10  BANK11  BANK12  BANK13  BANK14
      Params:         2       0       0       0       0       0       0       0       0       0       0       0       0       0       0       0
      Locals:         2       0       0       0       0       0       0       0       0       0       0       0       0       0       0       0
      Temps:          0       0       0       0       0       0       0       0       0       0       0       0       0       0       0       0
      Totals:         4       0       0       0       0       0       0       0       0       0       0       0       0       0       0       0
Total ram usage:        4 bytes
 Hardware stack levels used:    1
 This function calls:
		Nothing
 This function is called by:
		_pad
 This function uses a non-reentrant model


 *************** function _fputs *****************
 Defined at:
		line 8 in file "D:\pic\sources\c99\common\nf_fputs.c"
 Parameters:    Size  Location     Type
  s               2   11[COMRAM] PTR const unsigned char 
		 -> dbuf(32), 
  fp              2   13[COMRAM] PTR struct _IO_FILE
		 -> NULL(0), 
 Auto vars:     Size  Location     Type
  i               2   16[COMRAM] int 
  c               1   15[COMRAM] unsigned char 
 Return value:  Size  Location     Type
                  2   11[COMRAM] int 
 Registers used:
		wreg, fsr1l, fsr1h, fsr2l, fsr2h, status,2, status,0, cstack
 Tracked objects:
		On entry : 
		On exit  : 
		Unchanged: 
 Data sizes:     COMRAM   BANK0   BANK1   BANK2   BANK3   BANK4   BANK5   BANK6   BANK7   BANK8   BANK9  BANK10  BANK11  BANK12  BANK13  BANK14
      Params:         4       0       0       0       0       0       0       0       0       0       0       0       0       0       0       0
      Locals:         3       0       0       0       0       0       0       0       0       0       0       0       0       0       0       0
      Temps:          0       0       0       0       0       0       0       0       0       0       0       0       0       0       0       0
      Totals:         7       0       0       0       0       0       0       0       0       0       0       0       0       0       0       0
Total ram usage:        7 bytes
 Hardware stack levels used:    1
 Hardware stack levels required when called:    3
 This function calls:
		_fputc
 This function is called by:
		_pad
 This function uses a non-reentrant model


 *************** function _fputc *****************
 Defined at:
		line 8 in file "D:\pic\sources\c99\common\nf_fputc.c"
 Parameters:    Size  Location     Type
  c               2    2[COMRAM] int 
  fp              2    4[COMRAM] PTR struct _IO_FILE
		 -> NULL(0), 
 Auto vars:     Size  Location     Type
		None
 Return value:  Size  Location     Type
                  2    2[COMRAM] int 
 Registers used:
		wreg, fsr1l, fsr1h, fsr2l, fsr2h, status,2, status,0, cstack
 Tracked objects:
		On entry : 
		On exit  : 
		Unchanged: 
 Data sizes:     COMRAM   BANK0   BANK1   BANK2   BANK3   BANK4   BANK5   BANK6   BANK7   BANK8   BANK9  BANK10  BANK11  BANK12  BANK13  BANK14
      Params:         4       0       0       0       0       0       0       0       0       0       0       0       0       0       0       0
      Locals:         0       0       0       0       0       0       0       0       0       0       0       0       0       0       0       0
      Temps:          5       0       0       0       0       0       0       0       0       0       0       0       0       0       0       0
      Totals:         9       0       0       0       0       0       0       0       0       0       0       0       0       0       0       0
Total ram usage:        9 bytes
 Hardware stack levels used:    1
 Hardware stack levels required when called:    2
 This function calls:
		_putch
 This function is called by:
		_pad
		_vfpfcnvrt
		_fputs
 This function uses a non-reentrant model


 *************** function _putch *****************
 Defined at:
		line 146 in file "mcc_generated_files/eusart1.c"
 Parameters:    Size  Location     Type
  txData          1    wreg     unsigned char 
 Auto vars:     Size  Location     Type
  txData          1    1[COMRAM] unsigned char 
 Return value:  Size  Location     Type
                  1    wreg      void 
 Registers used:
		wreg, status,2, cstack
 Tracked objects:
		On entry : 
		On exit  : 
		Unchanged: 
 Data sizes:     COMRAM   BANK0   BANK1   BANK2   BANK3   BANK4   BANK5   BANK6   BANK7   BANK8   BANK9  BANK10  BANK11  BANK12  BANK13  BANK14
      Params:         0       0       0       0       0       0       0       0       0       0       0       0       0       0       0       0
      Locals:         1       0       0       0       0       0       0       0       0       0       0       0       0       0       0       0
      Temps:          0       0       0       0       0       0       0       0       0       0       0       0       0       0       0       0
      Totals:         1       0       0       0       0       0       0       0       0       0       0       0       0       0       0       0
Total ram usage:        1 bytes
 Hardware stack levels used:    1
 Hardware stack levels required when called:    1
 This function calls:
		_EUSART1_Write
 This function is called by:
		_fputc
 This function uses a non-reentrant model


 *************** function _EUSART1_Write *****************
 Defined at:
		line 132 in file "mcc_generated_files/eusart1.c"
 Parameters:    Size  Location     Type
  txData          1    wreg     unsigned char 
 Auto vars:     Size  Location     Type
  txData          1    0[COMRAM] unsigned char 
 Return value:  Size  Location     Type
                  1    wreg      void 
 Registers used:
		wreg
 Tracked objects:
		On entry : 
		On exit  : 
		Unchanged: 
 Data sizes:     COMRAM   BANK0   BANK1   BANK2   BANK3   BANK4   BANK5   BANK6   BANK7   BANK8   BANK9  BANK10  BANK11  BANK12  BANK13  BANK14
      Params:         0       0       0       0       0       0       0       0       0       0       0       0       0       0       0       0
      Locals:         1       0       0       0       0       0       0       0       0       0       0       0       0       0       0       0
      Temps:          0       0       0       0       0       0       0       0       0       0       0       0       0       0       0       0
      Totals:         1       0       0       0       0       0       0       0       0       0       0       0       0       0       0       0
Total ram usage:        1 bytes
 Hardware stack levels used:    1
 This function calls:
		Nothing
 This function is called by:
		_putch
		_BOOT_Load
		_BOOT_Read
		_BOOT_Write
		_BOOT_ReadVersion
		_BOOT_EraseUserFlash
 This function uses a non-reentrant model


 *************** function _isupper *****************
 Defined at:
		line 5 in file "D:\pic\sources\c99\common\isupper.c"
 Parameters:    Size  Location     Type
  c               2    0[COMRAM] int 
 Auto vars:     Size  Location     Type
		None
 Return value:  Size  Location     Type
                  2    0[COMRAM] int 
 Registers used:
		wreg, status,2, status,0
 Tracked objects:
		On entry : 
		On exit  : 
		Unchanged: 
 Data sizes:     COMRAM   BANK0   BANK1   BANK2   BANK3   BANK4   BANK5   BANK6   BANK7   BANK8   BANK9  BANK10  BANK11  BANK12  BANK13  BANK14
      Params:         2       0       0       0       0       0       0       0       0       0       0       0       0       0       0       0
      Locals:         0       0       0       0       0       0       0       0       0       0       0       0       0       0       0       0
      Temps:          4       0       0       0       0       0       0       0       0       0       0       0       0       0       0       0
      Totals:         6       0       0       0       0       0       0       0       0       0       0       0       0       0       0       0
Total ram usage:        6 bytes
 Hardware stack levels used:    1
 This function calls:
		Nothing
 This function is called by:
		_xtoa
 This function uses a non-reentrant model


 *************** function _isalpha *****************
 Defined at:
		line 5 in file "D:\pic\sources\c99\common\isalpha.c"
 Parameters:    Size  Location     Type
  c               2    0[COMRAM] int 
 Auto vars:     Size  Location     Type
		None
 Return value:  Size  Location     Type
                  2    0[COMRAM] int 
 Registers used:
		wreg, status,2, status,0
 Tracked objects:
		On entry : 
		On exit  : 
		Unchanged: 
 Data sizes:     COMRAM   BANK0   BANK1   BANK2   BANK3   BANK4   BANK5   BANK6   BANK7   BANK8   BANK9  BANK10  BANK11  BANK12  BANK13  BANK14
      Params:         2       0       0       0       0       0       0       0       0       0       0       0       0       0       0       0
      Locals:         0       0       0       0       0       0       0       0       0       0       0       0       0       0       0       0
      Temps:          4       0       0       0       0       0       0       0       0       0       0       0       0       0       0       0
      Totals:         6       0       0       0       0       0       0       0       0       0       0       0       0       0       0       0
Total ram usage:        6 bytes
 Hardware stack levels used:    1
 This function calls:
		Nothing
 This function is called by:
		_xtoa
 This function uses a non-reentrant model


 *************** function _FLASH_EraseBlock *****************
 Defined at:
		line 143 in file "mcc_generated_files/memory.c"
 Parameters:    Size  Location     Type
  baseAddr        4    0[COMRAM] unsigned long 
 Auto vars:     Size  Location     Type
  GIEBitValue     1    4[COMRAM] unsigned char 
 Return value:  Size  Location     Type
                  1    wreg      void 
 Registers used:
		wreg, status,2
 Tracked objects:
		On entry : 
		On exit  : 
		Unchanged: 
 Data sizes:     COMRAM   BANK0   BANK1   BANK2   BANK3   BANK4   BANK5   BANK6   BANK7   BANK8   BANK9  BANK10  BANK11  BANK12  BANK13  BANK14
      Params:         4       0       0       0       0       0       0       0       0       0       0       0       0       0       0       0
      Locals:         1       0       0       0       0       0       0       0       0       0       0       0       0       0       0       0
      Temps:          0       0       0       0       0       0       0       0       0       0       0       0       0       0       0       0
      Totals:         5       0       0       0       0       0       0       0       0       0       0       0       0       0       0       0
Total ram usage:        5 bytes
 Hardware stack levels used:    1
 This function calls:
		Nothing
 This function is called by:
		_FLASH_WriteBlock
		_BOOT_EraseUserFlash
 This function uses a non-reentrant model


 *************** function _DATAEE_WriteByte *****************
 Defined at:
		line 165 in file "mcc_generated_files/memory.c"
 Parameters:    Size  Location     Type
  bAdd            2    0[COMRAM] unsigned short 
  bData           1    2[COMRAM] unsigned char 
 Auto vars:     Size  Location     Type
  GIEBitValue     1    3[COMRAM] unsigned char 
 Return value:  Size  Location     Type
                  1    wreg      void 
 Registers used:
		wreg, status,2, status,0
 Tracked objects:
		On entry : 
		On exit  : 
		Unchanged: 
 Data sizes:     COMRAM   BANK0   BANK1   BANK2   BANK3   BANK4   BANK5   BANK6   BANK7   BANK8   BANK9  BANK10  BANK11  BANK12  BANK13  BANK14
      Params:         3       0       0       0       0       0       0       0       0       0       0       0       0       0       0       0
      Locals:         1       0       0       0       0       0       0       0       0       0       0       0       0       0       0       0
      Temps:          0       0       0       0       0       0       0       0       0       0       0       0       0       0       0       0
      Totals:         4       0       0       0       0       0       0       0       0       0       0       0       0       0       0       0
Total ram usage:        4 bytes
 Hardware stack levels used:    1
 This function calls:
		Nothing
 This function is called by:
		_BOOT_Load
		_BOOT_Write
		_BOOT_EraseUserFlash
 This function uses a non-reentrant model



MODULE INFORMATION

Module		Function		Class		Link	Load	Size
D:\pic\sources\c99\common\strlen.c
		_strlen        		CODE           	1430	0000	54

D:\pic\sources\c99\common\strlen.c estimated size: 54

D:\pic\sources\c99\common\nf_fputc.c
		_fputc         		CODE           	0F4E	0000	150

D:\pic\sources\c99\common\nf_fputc.c estimated size: 150

mcc_generated_files/pin_manager.c
		_PIN_MANAGER_Initialize		CODE           	1192	0000	90

mcc_generated_files/pin_manager.c estimated size: 90

D:\pic\sources\c99\common\doprnt.c
		_vfpfcnvrt     		CODE           	07EC	0000	464
		_pad           		CODE           	0DD0	0000	198
		_vfprintf      		CODE           	10D2	0000	98
		_xtoa          		CODE           	0336	0000	728

D:\pic\sources\c99\common\doprnt.c estimated size: 1488

D:\pic\sources\c99\common\isupper.c
		_isupper       		CODE           	13C0	0000	56

D:\pic\sources\c99\common\isupper.c estimated size: 56

bootloader.c
		_BOOT_Read     		CODE           	060E	0000	478
		_BOOT_ReadVersion		CODE           	106C	0000	102
		_FLASH_crc16   		CODE           	0FE4	0000	136
		_BOOT_GetHeader		CODE           	09BC	0000	388
		_BOOT_EraseUserFlash		CODE           	0E96	0000	184
		_BOOT_Write    		CODE           	0020	0000	790
		_BOOT_Load     		CODE           	0C22	0000	222

bootloader.c estimated size: 2300

D:\pic\sources\c99\common\islower.c
		_islower       		CODE           	1388	0000	56

D:\pic\sources\c99\common\islower.c estimated size: 56

shared
		__initialization		CODE           	1282	0000	60

shared estimated size: 60

mcc_generated_files/eusart1.c
		_EUSART1_Initialize		CODE           	130C	0000	64
		_putch         		CODE           	1552	0000	10
		_EUSART1_SetFramingErrorHandler		CODE           	153E	0000	10
		_EUSART1_Read  		CODE           	1466	0000	44
		_EUSART1_SetOverrunErrorHandler		CODE           	1534	0000	10
		_EUSART1_SetErrorHandler		CODE           	1548	0000	10
		_EUSART1_Write 		CODE           	150A	0000	24

mcc_generated_files/eusart1.c estimated size: 172

mcc_generated_files/mcc.c
		_PMD_Initialize		CODE           	14BA	0000	28
		_OSCILLATOR_Initialize		CODE           	14F2	0000	24
		_SYSTEM_Initialize		CODE           	1522	0000	18

mcc_generated_files/mcc.c estimated size: 70

D:\pic\sources\c99\common\nf_fputs.c
		_fputs         		CODE           	12C8	0000	68

D:\pic\sources\c99\common\nf_fputs.c estimated size: 68

D:\pic\sources\c99\common\toupper.c
		_toupper       		CODE           	1134	0000	94

D:\pic\sources\c99\common\toupper.c estimated size: 94

D:\pic\sources\c99\common\isalpha.c
		_isalpha       		CODE           	134C	0000	60

D:\pic\sources\c99\common\isalpha.c estimated size: 60

mcc_generated_files/memory.c
		_FLASH_EraseBlock		CODE           	13F8	0000	56
		_FLASH_WriteBlock		CODE           	0D00	0000	208
		_DATAEE_WriteByte		CODE           	1238	0000	74
		_DATAEE_ReadByte		CODE           	14D6	0000	28

mcc_generated_files/memory.c estimated size: 366

main.c
		_main          		CODE           	0B40	0000	226

main.c estimated size: 226

D:\pic\sources\c99\common\printf.c
		_printf        		CODE           	1492	0000	40

D:\pic\sources\c99\common\printf.c estimated size: 40

